// Jest Snapshot v1, https://goo.gl/fbAQLP

exports[`App snapshot App 1`] = `
<DocumentFragment>
  <div
    class="main"
  >
    <h1
      class="main__title"
    >
      IUCN Red List of Threatened Species
      <strong />
    </h1>
    <div
      class="container"
    >
      <div
        class="loader__container"
      >
        <h2
          class="loader__title"
        >
          Fetching: 
          <strong>
            Regions
          </strong>
        </h2>
        <div
          class="loader"
        >
          <div />
          <div />
          <div />
          <div />
        </div>
      </div>
    </div>
  </div>
</DocumentFragment>
`;
